// Jest Snapshot v1, https://goo.gl/fbAQLP

exports[`Test Image settings Image settings renders 1`] = `"<div class=\\"picture\\" style=\\"width: 1px;\\"><div class=\\"pictureEditButtons\\"><button>Add</button><button>Move</button></div><canvas width=\\"1\\" height=\\"2\\" class=\\"starcanvas\\"></canvas></div>"`;
